Traceback (most recent call last):
  File "/mnt/data/research-hub/.venv/lib/python3.12/site-packages/jupyter_cache/executors/utils.py", line 58, in single_nb_execution
    executenb(
  File "/mnt/data/research-hub/.venv/lib/python3.12/site-packages/nbclient/client.py", line 1323, in execute
    return NotebookClient(nb=nb, resources=resources, km=km, **kwargs).execute()
           ^^^^^^^^^^^^^^^^^^^^^^^^^^^^^^^^^^^^^^^^^^^^^^^^^^^^^^^^^^^^^^^^^^^^^
  File "/mnt/data/research-hub/.venv/lib/python3.12/site-packages/jupyter_core/utils/__init__.py", line 165, in wrapped
    return loop.run_until_complete(inner)
           ^^^^^^^^^^^^^^^^^^^^^^^^^^^^^^
  File "/home/yasx/miniconda3/lib/python3.12/asyncio/base_events.py", line 684, in run_until_complete
    return future.result()
           ^^^^^^^^^^^^^^^
  File "/mnt/data/research-hub/.venv/lib/python3.12/site-packages/nbclient/client.py", line 709, in async_execute
    await self.async_execute_cell(
  File "/mnt/data/research-hub/.venv/lib/python3.12/site-packages/nbclient/client.py", line 1062, in async_execute_cell
    await self._check_raise_for_error(cell, cell_index, exec_reply)
  File "/mnt/data/research-hub/.venv/lib/python3.12/site-packages/nbclient/client.py", line 918, in _check_raise_for_error
    raise CellExecutionError.from_cell_and_msg(cell, exec_reply_content)
nbclient.exceptions.CellExecutionError: An error occurred while executing the following cell:
------------------
import matplotlib.pyplot as plt
import matplotlib.image as mpimg
from matplotlib import rcParams

%matplotlib inline

# figure size in inches optional
rcParams['figure.figsize'] = 16 ,10
rcParams['figure.dpi'] = 450

# read images
img_A = mpimg.imread('figures/Orig_base_mod.png')
img_B = mpimg.imread('figures/Synth_base_mod.png')

# display images
fig, ax = plt.subplots(1,2, gridspec_kw = {'wspace':0, 'hspace':0.5,'width_ratios': [1, 1.06]})

ax[0].axis('off')
ax[0].imshow(img_A)
ax[1].axis('off')
ax[1].imshow(img_B)
x = None
x
------------------


[31m---------------------------------------------------------------------------[39m
[31mFileNotFoundError[39m                         Traceback (most recent call last)
[36mCell[39m[36m [39m[32mIn[1][39m[32m, line 12[39m
[32m      8[39m rcParams[[33m'figure.figsize'[39m] = [32m16[39m ,[32m10[39m
[32m      9[39m rcParams[[33m'figure.dpi'[39m] = [32m450[39m
[32m     10[39m 
[32m     11[39m [38;5;66;03m# read images[39;00m
[32m---> [39m[32m12[39m img_A = mpimg.imread([33m'figures/Orig_base_mod.png'[39m)
[32m     13[39m img_B = mpimg.imread([33m'figures/Synth_base_mod.png'[39m)
[32m     14[39m 
[32m     15[39m [38;5;66;03m# display images[39;00m

[36mFile [39m[32m/mnt/data/research-hub/.venv/lib/python3.12/site-packages/matplotlib/image.py:1587[39m, in [36mimread[39m[34m(fname, format)[39m
[32m   1580[39m [38;5;28;01mif[39;00m [38;5;28misinstance[39m(fname, [38;5;28mstr[39m) [38;5;129;01mand[39;00m [38;5;28mlen[39m(parse.urlparse(fname).scheme) > [32m1[39m:
[32m   1581[39m     [38;5;66;03m# Pillow doesn't handle URLs directly.[39;00m
[32m   1582[39m     [38;5;28;01mraise[39;00m [38;5;167;01mValueError[39;00m(
[32m   1583[39m         [33m"[39m[33mPlease open the URL for reading and pass the [39m[33m"[39m
[32m   1584[39m         [33m"[39m[33mresult to Pillow, e.g. with [39m[33m"[39m
[32m   1585[39m         [33m"[39m[33m``np.array(PIL.Image.open(urllib.request.urlopen(url)))``.[39m[33m"[39m
[32m   1586[39m         )
[32m-> [39m[32m1587[39m [38;5;28;01mwith[39;00m [30;43mimg_open[39;49m[30;43m([39;49m[30;43mfname[39;49m[30;43m)[39;49m [38;5;28;01mas[39;00m image:
[32m   1588[39m     [38;5;28;01mreturn[39;00m (_pil_png_to_float_array(image)
[32m   1589[39m             [38;5;28;01mif[39;00m [38;5;28misinstance[39m(image, PIL.PngImagePlugin.PngImageFile) [38;5;28;01melse[39;00m
[32m   1590[39m             pil_to_array(image))

[36mFile [39m[32m/mnt/data/research-hub/.venv/lib/python3.12/site-packages/PIL/ImageFile.py:138[39m, in [36mImageFile.__init__[39m[34m(self, fp, filename)[39m
[32m    135[39m [38;5;28mself[39m._fp: IO[[38;5;28mbytes[39m] | DeferredError
[32m    136[39m [38;5;28;01mif[39;00m is_path(fp):
[32m    137[39m     [38;5;66;03m# filename[39;00m
[32m--> [39m[32m138[39m     [38;5;28mself[39m.fp = [30;43mopen[39;49m[30;43m([39;49m[30;43mfp[39;49m[30;43m,[39;49m[30;43m [39;49m[30;43m"[39;49m[30;43mrb[39;49m[30;43m"[39;49m[30;43m)[39;49m
[32m    139[39m     [38;5;28mself[39m.filename = os.fspath(fp)
[32m    140[39m     [38;5;28mself[39m._exclusive_fp = [38;5;28;01mTrue[39;00m

[31mFileNotFoundError[39m: [Errno 2] No such file or directory: 'figures/Orig_base_mod.png'

